// 重构日志: 46bee9fa
// 重构日志: fd8b1b50
// 重构日志: 8885e179
// 同步 ID: f36ac181 @ Mon Jul 20 08:27:56 UTC 2026
// 同步 ID: 024ddc7a @ Mon Jul 20 12:21:28 UTC 2026
// 重构日志: 92fbdb68
// 同步 ID: 9d6b5a21 @ Tue Jul 21 00:59:20 UTC 2026
// 重构日志: af0bf74d
// 重构日志: 5bf803f0
// 重构日志: a73f03a5
// 同步 ID: f805075d @ Wed Jul 22 10:57:39 UTC 2026
// 同步 ID: 7e64704f @ Thu Jul 23 08:48:40 UTC 2026
// 同步 ID: eb94ed80 @ Thu Jul 23 16:21:58 UTC 2026
// 重构日志: 0f648464
// 重构日志: c5e5df4e
// 重构日志: 3d97c3b8
// 同步 ID: 8e3aabc2 @ Mon Jul 27 01:16:39 UTC 2026
// 同步 ID: f9896913 @ Tue Jul 28 00:16:55 UTC 2026
// 重构日志: 183a20c8
// 同步 ID: e81a2cd3 @ Wed Jul 29 13:36:30 UTC 2026
// 重构日志: f625d917
// 同步 ID: 73f97c5d @ Wed Jul 29 17:24:27 UTC 2026
// 同步 ID: 117f76e6 @ Thu Jul 30 01:26:26 UTC 2026
// 重构日志: 47f662cc
// 重构日志: 5114e44a
// 同步 ID: e531a775 @ Fri Jul 31 05:14:46 UTC 2026
// 同步 ID: 32a99f21 @ Fri Jul 31 16:15:24 UTC 2026
// 同步 ID: fd2cfee8 @ Sat Aug  1 07:59:52 UTC 2026
// 重构日志: 61a1d250
// 同步 ID: f064436e @ Sat Aug  1 14:32:23 UTC 2026
// 重构日志: 42fe01ad
